[debug] [2025-04-16T00:47:58.880Z] ----------------------------------------------------------------------
[debug] [2025-04-16T00:47:58.882Z] Command:       C:\Program Files\nodejs\node.exe C:\Users\kevin\AppData\Roaming\npm\node_modules\firebase-tools\lib\bin\firebase.js deploy --only functions --debug
[debug] [2025-04-16T00:47:58.882Z] CLI Version:   14.1.0
[debug] [2025-04-16T00:47:58.882Z] Platform:      win32
[debug] [2025-04-16T00:47:58.882Z] Node Version:  v22.11.0
[debug] [2025-04-16T00:47:58.882Z] Time:          Tue Apr 15 2025 20:47:58 GMT-0400 (Eastern Daylight Time)
[debug] [2025-04-16T00:47:58.882Z] ----------------------------------------------------------------------
[debug] 
[debug] [2025-04-16T00:47:58.988Z] > command requires scopes: ["email","openid","https://www.googleapis.com/auth/cloudplatformprojects.readonly","https://www.googleapis.com/auth/firebase","https://www.googleapis.com/auth/cloud-platform"]
[debug] [2025-04-16T00:47:58.989Z] > authorizing via signed-in user (kevinchrvl@gmail.com)
[debug] [2025-04-16T00:47:58.989Z] [iam] checking project tranzit-79cbe for permissions ["cloudfunctions.functions.create","cloudfunctions.functions.delete","cloudfunctions.functions.get","cloudfunctions.functions.list","cloudfunctions.functions.update","cloudfunctions.operations.get","firebase.projects.get"]
[debug] [2025-04-16T00:47:58.989Z] Checked if tokens are valid: true, expires at: 1744766091902
[debug] [2025-04-16T00:47:58.990Z] Checked if tokens are valid: true, expires at: 1744766091902
[debug] [2025-04-16T00:47:58.990Z] >>> [apiv2][query] POST https://cloudresourcemanager.googleapis.com/v1/projects/tranzit-79cbe:testIamPermissions [none]
[debug] [2025-04-16T00:47:58.990Z] >>> [apiv2][(partial)header] POST https://cloudresourcemanager.googleapis.com/v1/projects/tranzit-79cbe:testIamPermissions x-goog-quota-user=projects/tranzit-79cbe
[debug] [2025-04-16T00:47:58.991Z] >>> [apiv2][body] POST https://cloudresourcemanager.googleapis.com/v1/projects/tranzit-79cbe:testIamPermissions {"permissions":["cloudfunctions.functions.create","cloudfunctions.functions.delete","cloudfunctions.functions.get","cloudfunctions.functions.list","cloudfunctions.functions.update","cloudfunctions.operations.get","firebase.projects.get"]}
[debug] [2025-04-16T00:47:59.129Z] <<< [apiv2][status] POST https://cloudresourcemanager.googleapis.com/v1/projects/tranzit-79cbe:testIamPermissions 200
[debug] [2025-04-16T00:47:59.129Z] <<< [apiv2][body] POST https://cloudresourcemanager.googleapis.com/v1/projects/tranzit-79cbe:testIamPermissions {"permissions":["cloudfunctions.functions.create","cloudfunctions.functions.delete","cloudfunctions.functions.get","cloudfunctions.functions.list","cloudfunctions.functions.update","cloudfunctions.operations.get","firebase.projects.get"]}
[debug] [2025-04-16T00:47:59.129Z] Checked if tokens are valid: true, expires at: 1744766091902
[debug] [2025-04-16T00:47:59.130Z] Checked if tokens are valid: true, expires at: 1744766091902
[debug] [2025-04-16T00:47:59.130Z] >>> [apiv2][query] POST https://iam.googleapis.com/v1/projects/tranzit-79cbe/serviceAccounts/tranzit-79cbe@appspot.gserviceaccount.com:testIamPermissions [none]
[debug] [2025-04-16T00:47:59.130Z] >>> [apiv2][body] POST https://iam.googleapis.com/v1/projects/tranzit-79cbe/serviceAccounts/tranzit-79cbe@appspot.gserviceaccount.com:testIamPermissions {"permissions":["iam.serviceAccounts.actAs"]}
[debug] [2025-04-16T00:47:59.342Z] <<< [apiv2][status] POST https://iam.googleapis.com/v1/projects/tranzit-79cbe/serviceAccounts/tranzit-79cbe@appspot.gserviceaccount.com:testIamPermissions 200
[debug] [2025-04-16T00:47:59.342Z] <<< [apiv2][body] POST https://iam.googleapis.com/v1/projects/tranzit-79cbe/serviceAccounts/tranzit-79cbe@appspot.gserviceaccount.com:testIamPermissions {"permissions":["iam.serviceAccounts.actAs"]}
[info] 
[info] === Deploying to 'tranzit-79cbe'...
[info] 
[info] i  deploying functions 
[info] Running command: npm --prefix "$RESOURCE_DIR" run lint
[info] Running command: npm --prefix "$RESOURCE_DIR" run build
[info] +  functions: Finished running predeploy script. 
[info] Running command: npm --prefix "$RESOURCE_DIR" run lint
[error] 
[error] Error: functions predeploy error: Command terminated with non-zero exit code 1
